// Jest Snapshot v1, https://goo.gl/fbAQLP

exports[`icon 可以接收name 1`] = `
<svg
  className="icon"
>
  <use
    xlinkHref="#i-left"
  />
</svg>
`;
